running develop
Removing /home/yujun/nav2ws1/install/nav_pkg2/lib/python3.10/site-packages/nav-pkg2.egg-link (link to .)
running egg_info
writing ../../build/nav_pkg2/nav_pkg2.egg-info/PKG-INFO
writing dependency_links to ../../build/nav_pkg2/nav_pkg2.egg-info/dependency_links.txt
writing entry points to ../../build/nav_pkg2/nav_pkg2.egg-info/entry_points.txt
writing requirements to ../../build/nav_pkg2/nav_pkg2.egg-info/requires.txt
writing top-level names to ../../build/nav_pkg2/nav_pkg2.egg-info/top_level.txt
reading manifest file '../../build/nav_pkg2/nav_pkg2.egg-info/SOURCES.txt'
writing manifest file '../../build/nav_pkg2/nav_pkg2.egg-info/SOURCES.txt'
running build
running build_py
creating /home/yujun/nav2ws1/build/nav_pkg2/build
creating /home/yujun/nav2ws1/build/nav_pkg2/build/lib
creating /home/yujun/nav2ws1/build/nav_pkg2/build/lib/nav_pkg2
copying nav_pkg2/nav_go1.py -> /home/yujun/nav2ws1/build/nav_pkg2/build/lib/nav_pkg2
copying nav_pkg2/nav_way1.py -> /home/yujun/nav2ws1/build/nav_pkg2/build/lib/nav_pkg2
copying nav_pkg2/__init__.py -> /home/yujun/nav2ws1/build/nav_pkg2/build/lib/nav_pkg2
running install
running install_lib
creating /home/yujun/nav2ws1/install/nav_pkg2/lib/python3.10/site-packages/nav_pkg2
copying /home/yujun/nav2ws1/build/nav_pkg2/build/lib/nav_pkg2/nav_go1.py -> /home/yujun/nav2ws1/install/nav_pkg2/lib/python3.10/site-packages/nav_pkg2
copying /home/yujun/nav2ws1/build/nav_pkg2/build/lib/nav_pkg2/nav_way1.py -> /home/yujun/nav2ws1/install/nav_pkg2/lib/python3.10/site-packages/nav_pkg2
copying /home/yujun/nav2ws1/build/nav_pkg2/build/lib/nav_pkg2/__init__.py -> /home/yujun/nav2ws1/install/nav_pkg2/lib/python3.10/site-packages/nav_pkg2
byte-compiling /home/yujun/nav2ws1/install/nav_pkg2/lib/python3.10/site-packages/nav_pkg2/nav_go1.py to nav_go1.cpython-310.pyc
byte-compiling /home/yujun/nav2ws1/install/nav_pkg2/lib/python3.10/site-packages/nav_pkg2/nav_way1.py to nav_way1.cpython-310.pyc
byte-compiling /home/yujun/nav2ws1/install/nav_pkg2/lib/python3.10/site-packages/nav_pkg2/__init__.py to __init__.cpython-310.pyc
running install_data
copying resource/nav_pkg2 -> /home/yujun/nav2ws1/install/nav_pkg2/share/ament_index/resource_index/packages
copying package.xml -> /home/yujun/nav2ws1/install/nav_pkg2/share/nav_pkg2
copying launch/sim2.launch.py -> /home/yujun/nav2ws1/install/nav_pkg2/share/nav_pkg2/launch
copying description/mobile_robot1.urdf.xacro -> /home/yujun/nav2ws1/install/nav_pkg2/share/nav_pkg2/description
copying worlds/simple_room.world -> /home/yujun/nav2ws1/install/nav_pkg2/share/nav_pkg2/worlds
copying maps/simple_room.pgm -> /home/yujun/nav2ws1/install/nav_pkg2/share/nav_pkg2/maps
copying maps/tb2_world.pgm -> /home/yujun/nav2ws1/install/nav_pkg2/share/nav_pkg2/maps
copying maps/simple_room.yaml -> /home/yujun/nav2ws1/install/nav_pkg2/share/nav_pkg2/maps
copying maps/tb2_world.yaml -> /home/yujun/nav2ws1/install/nav_pkg2/share/nav_pkg2/maps
running install_egg_info
Copying ../../build/nav_pkg2/nav_pkg2.egg-info to /home/yujun/nav2ws1/install/nav_pkg2/lib/python3.10/site-packages/nav_pkg2-0.0.0-py3.10.egg-info
running install_scripts
Installing nav_go1 script to /home/yujun/nav2ws1/install/nav_pkg2/lib/nav_pkg2
Installing nav_way1 script to /home/yujun/nav2ws1/install/nav_pkg2/lib/nav_pkg2
writing list of installed files to '/home/yujun/nav2ws1/build/nav_pkg2/install.log'
