[0.573s] Invoking command in '/home/yujun/nav2ws1/src/turtlebot3_pkg1': PYTHONPATH=/home/yujun/nav2ws1/build/turtlebot3_pkg1/prefix_override:/usr/lib/python3/dist-packages/colcon_core/task/python/colcon_distutils_commands:/home/yujun/nav2ws1/install/turtlebot3_pkg1/lib/python3.10/site-packages:${PYTHONPATH} /usr/bin/python3 -W ignore:setup.py install is deprecated -W ignore:easy_install command is deprecated setup.py egg_info --egg-base ../../build/turtlebot3_pkg1 build --build-base /home/yujun/nav2ws1/build/turtlebot3_pkg1/build install --record /home/yujun/nav2ws1/build/turtlebot3_pkg1/install.log --install-scripts $base/lib/turtlebot3_pkg1 --single-version-externally-managed install_data
[0.739s] running egg_info
[0.739s] writing ../../build/turtlebot3_pkg1/turtlebot3_pkg1.egg-info/PKG-INFO
[0.740s] writing dependency_links to ../../build/turtlebot3_pkg1/turtlebot3_pkg1.egg-info/dependency_links.txt
[0.740s] writing entry points to ../../build/turtlebot3_pkg1/turtlebot3_pkg1.egg-info/entry_points.txt
[0.740s] writing requirements to ../../build/turtlebot3_pkg1/turtlebot3_pkg1.egg-info/requires.txt
[0.740s] writing top-level names to ../../build/turtlebot3_pkg1/turtlebot3_pkg1.egg-info/top_level.txt
[0.741s] reading manifest file '../../build/turtlebot3_pkg1/turtlebot3_pkg1.egg-info/SOURCES.txt'
[0.742s] writing manifest file '../../build/turtlebot3_pkg1/turtlebot3_pkg1.egg-info/SOURCES.txt'
[0.742s] running build
[0.742s] running build_py
[0.742s] running install
[0.742s] running install_lib
[0.743s] running install_data
[0.743s] running install_egg_info
[0.744s] removing '/home/yujun/nav2ws1/install/turtlebot3_pkg1/lib/python3.10/site-packages/turtlebot3_pkg1-0.0.0-py3.10.egg-info' (and everything under it)
[0.744s] Copying ../../build/turtlebot3_pkg1/turtlebot3_pkg1.egg-info to /home/yujun/nav2ws1/install/turtlebot3_pkg1/lib/python3.10/site-packages/turtlebot3_pkg1-0.0.0-py3.10.egg-info
[0.744s] running install_scripts
[0.758s] writing list of installed files to '/home/yujun/nav2ws1/build/turtlebot3_pkg1/install.log'
[0.777s] Invoked command in '/home/yujun/nav2ws1/src/turtlebot3_pkg1' returned '0': PYTHONPATH=/home/yujun/nav2ws1/build/turtlebot3_pkg1/prefix_override:/usr/lib/python3/dist-packages/colcon_core/task/python/colcon_distutils_commands:/home/yujun/nav2ws1/install/turtlebot3_pkg1/lib/python3.10/site-packages:${PYTHONPATH} /usr/bin/python3 -W ignore:setup.py install is deprecated -W ignore:easy_install command is deprecated setup.py egg_info --egg-base ../../build/turtlebot3_pkg1 build --build-base /home/yujun/nav2ws1/build/turtlebot3_pkg1/build install --record /home/yujun/nav2ws1/build/turtlebot3_pkg1/install.log --install-scripts $base/lib/turtlebot3_pkg1 --single-version-externally-managed install_data
