[0.078s] DEBUG:colcon:Command line arguments: ['/usr/bin/colcon', 'build']
[0.078s] DEBUG:colcon:Parsed command line arguments: Namespace(log_base=None, log_level=None, verb_name='build', build_base='build', install_base='install', merge_install=False, symlink_install=False, test_result_base=None, continue_on_error=False, executor='parallel', parallel_workers=12, event_handlers=None, ignore_user_meta=False, metas=['./colcon.meta'], base_paths=['.'], packages_ignore=None, packages_ignore_regex=None, paths=None, packages_up_to=None, packages_up_to_regex=None, packages_above=None, packages_above_and_dependencies=None, packages_above_depth=None, packages_select_by_dep=None, packages_skip_by_dep=None, packages_skip_up_to=None, packages_select_build_failed=False, packages_skip_build_finished=False, packages_select_test_failures=False, packages_skip_test_passed=False, packages_select=None, packages_skip=None, packages_select_regex=None, packages_skip_regex=None, packages_start=None, packages_end=None, allow_overriding=[], cmake_args=None, cmake_target=None, cmake_target_skip_unavailable=False, cmake_clean_cache=False, cmake_clean_first=False, cmake_force_configure=False, ament_cmake_args=None, catkin_cmake_args=None, catkin_skip_building_tests=False, mixin_files=None, mixin=None, verb_parser=<colcon_mixin.mixin.mixin_argument.MixinArgumentDecorator object at 0x7a36aff804f0>, verb_extension=<colcon_core.verb.build.BuildVerb object at 0x7a36aff01ea0>, main=<bound method BuildVerb.main of <colcon_core.verb.build.BuildVerb object at 0x7a36aff01ea0>>, mixin_verb=('build',))
[0.187s] Level 1:colcon.colcon_core.package_discovery:discover_packages(colcon_meta) check parameters
[0.187s] Level 1:colcon.colcon_core.package_discovery:discover_packages(recursive) check parameters
[0.187s] Level 1:colcon.colcon_core.package_discovery:discover_packages(ignore) check parameters
[0.187s] Level 1:colcon.colcon_core.package_discovery:discover_packages(path) check parameters
[0.187s] Level 1:colcon.colcon_core.package_discovery:discover_packages(colcon_meta) discover
[0.187s] Level 1:colcon.colcon_core.package_discovery:discover_packages(recursive) discover
[0.187s] INFO:colcon.colcon_core.package_discovery:Crawling recursively for packages in '/home/yujun/nav2ws1'
[0.187s] Level 1:colcon.colcon_core.package_identification:_identify(.) by extensions ['ignore', 'ignore_ament_install']
[0.188s] Level 1:colcon.colcon_core.package_identification:_identify(.) by extension 'ignore'
[0.188s] Level 1:colcon.colcon_core.package_identification:_identify(.) by extension 'ignore_ament_install'
[0.188s] Level 1:colcon.colcon_core.package_identification:_identify(.) by extensions ['colcon_pkg']
[0.188s] Level 1:colcon.colcon_core.package_identification:_identify(.) by extension 'colcon_pkg'
[0.188s] Level 1:colcon.colcon_core.package_identification:_identify(.) by extensions ['colcon_meta']
[0.188s] Level 1:colcon.colcon_core.package_identification:_identify(.) by extension 'colcon_meta'
[0.188s] Level 1:colcon.colcon_core.package_identification:_identify(.) by extensions ['ros']
[0.188s] Level 1:colcon.colcon_core.package_identification:_identify(.) by extension 'ros'
[0.195s] Level 1:colcon.colcon_core.package_identification:_identify(.) by extensions ['cmake', 'python']
[0.195s] Level 1:colcon.colcon_core.package_identification:_identify(.) by extension 'cmake'
[0.195s] Level 1:colcon.colcon_core.package_identification:_identify(.) by extension 'python'
[0.195s] Level 1:colcon.colcon_core.package_identification:_identify(.) by extensions ['python_setup_py']
[0.195s] Level 1:colcon.colcon_core.package_identification:_identify(.) by extension 'python_setup_py'
[0.195s] Level 1:colcon.colcon_core.package_identification:_identify(build) by extensions ['ignore', 'ignore_ament_install']
[0.195s] Level 1:colcon.colcon_core.package_identification:_identify(build) by extension 'ignore'
[0.195s] Level 1:colcon.colcon_core.package_identification:_identify(build) ignored
[0.195s] Level 1:colcon.colcon_core.package_identification:_identify(install) by extensions ['ignore', 'ignore_ament_install']
[0.195s] Level 1:colcon.colcon_core.package_identification:_identify(install) by extension 'ignore'
[0.195s] Level 1:colcon.colcon_core.package_identification:_identify(install) ignored
[0.195s] Level 1:colcon.colcon_core.package_identification:_identify(log) by extensions ['ignore', 'ignore_ament_install']
[0.195s] Level 1:colcon.colcon_core.package_identification:_identify(log) by extension 'ignore'
[0.195s] Level 1:colcon.colcon_core.package_identification:_identify(log) ignored
[0.195s] Level 1:colcon.colcon_core.package_identification:_identify(src) by extensions ['ignore', 'ignore_ament_install']
[0.195s] Level 1:colcon.colcon_core.package_identification:_identify(src) by extension 'ignore'
[0.195s] Level 1:colcon.colcon_core.package_identification:_identify(src) by extension 'ignore_ament_install'
[0.195s] Level 1:colcon.colcon_core.package_identification:_identify(src) by extensions ['colcon_pkg']
[0.195s] Level 1:colcon.colcon_core.package_identification:_identify(src) by extension 'colcon_pkg'
[0.195s] Level 1:colcon.colcon_core.package_identification:_identify(src) by extensions ['colcon_meta']
[0.195s] Level 1:colcon.colcon_core.package_identification:_identify(src) by extension 'colcon_meta'
[0.195s] Level 1:colcon.colcon_core.package_identification:_identify(src) by extensions ['ros']
[0.195s] Level 1:colcon.colcon_core.package_identification:_identify(src) by extension 'ros'
[0.195s] Level 1:colcon.colcon_core.package_identification:_identify(src) by extensions ['cmake', 'python']
[0.195s] Level 1:colcon.colcon_core.package_identification:_identify(src) by extension 'cmake'
[0.195s] Level 1:colcon.colcon_core.package_identification:_identify(src) by extension 'python'
[0.195s] Level 1:colcon.colcon_core.package_identification:_identify(src) by extensions ['python_setup_py']
[0.196s] Level 1:colcon.colcon_core.package_identification:_identify(src) by extension 'python_setup_py'
[0.196s] Level 1:colcon.colcon_core.package_identification:_identify(src/nav_pkg2) by extensions ['ignore', 'ignore_ament_install']
[0.196s] Level 1:colcon.colcon_core.package_identification:_identify(src/nav_pkg2) by extension 'ignore'
[0.196s] Level 1:colcon.colcon_core.package_identification:_identify(src/nav_pkg2) by extension 'ignore_ament_install'
[0.196s] Level 1:colcon.colcon_core.package_identification:_identify(src/nav_pkg2) by extensions ['colcon_pkg']
[0.196s] Level 1:colcon.colcon_core.package_identification:_identify(src/nav_pkg2) by extension 'colcon_pkg'
[0.196s] Level 1:colcon.colcon_core.package_identification:_identify(src/nav_pkg2) by extensions ['colcon_meta']
[0.196s] Level 1:colcon.colcon_core.package_identification:_identify(src/nav_pkg2) by extension 'colcon_meta'
[0.196s] Level 1:colcon.colcon_core.package_identification:_identify(src/nav_pkg2) by extensions ['ros']
[0.196s] Level 1:colcon.colcon_core.package_identification:_identify(src/nav_pkg2) by extension 'ros'
[0.198s] DEBUG:colcon.colcon_core.package_identification:Package 'src/nav_pkg2' with type 'ros.ament_python' and name 'nav_pkg2'
[0.198s] Level 1:colcon.colcon_core.package_identification:_identify(src/turtlebot3_pkg1) by extensions ['ignore', 'ignore_ament_install']
[0.198s] Level 1:colcon.colcon_core.package_identification:_identify(src/turtlebot3_pkg1) by extension 'ignore'
[0.198s] Level 1:colcon.colcon_core.package_identification:_identify(src/turtlebot3_pkg1) by extension 'ignore_ament_install'
[0.198s] Level 1:colcon.colcon_core.package_identification:_identify(src/turtlebot3_pkg1) by extensions ['colcon_pkg']
[0.198s] Level 1:colcon.colcon_core.package_identification:_identify(src/turtlebot3_pkg1) by extension 'colcon_pkg'
[0.198s] Level 1:colcon.colcon_core.package_identification:_identify(src/turtlebot3_pkg1) by extensions ['colcon_meta']
[0.198s] Level 1:colcon.colcon_core.package_identification:_identify(src/turtlebot3_pkg1) by extension 'colcon_meta'
[0.198s] Level 1:colcon.colcon_core.package_identification:_identify(src/turtlebot3_pkg1) by extensions ['ros']
[0.198s] Level 1:colcon.colcon_core.package_identification:_identify(src/turtlebot3_pkg1) by extension 'ros'
[0.199s] DEBUG:colcon.colcon_core.package_identification:Package 'src/turtlebot3_pkg1' with type 'ros.ament_python' and name 'turtlebot3_pkg1'
[0.199s] Level 1:colcon.colcon_core.package_discovery:discover_packages(recursive) using defaults
[0.199s] Level 1:colcon.colcon_core.package_discovery:discover_packages(ignore) discover
[0.199s] Level 1:colcon.colcon_core.package_discovery:discover_packages(ignore) using defaults
[0.199s] Level 1:colcon.colcon_core.package_discovery:discover_packages(path) discover
[0.199s] Level 1:colcon.colcon_core.package_discovery:discover_packages(path) using defaults
[0.218s] Level 1:colcon.colcon_core.package_discovery:discover_packages(prefix_path) check parameters
[0.218s] Level 1:colcon.colcon_core.package_discovery:discover_packages(prefix_path) discover
[0.219s] DEBUG:colcon.colcon_installed_package_information.package_discovery:Found 2 installed packages in /home/yujun/nav2ws1/install
[0.220s] DEBUG:colcon.colcon_installed_package_information.package_discovery:Found 467 installed packages in /opt/ros/humble
[0.222s] Level 1:colcon.colcon_core.package_discovery:discover_packages(prefix_path) using defaults
[0.257s] Level 5:colcon.colcon_core.verb:set package 'nav_pkg2' build argument 'cmake_args' from command line to 'None'
[0.257s] Level 5:colcon.colcon_core.verb:set package 'nav_pkg2' build argument 'cmake_target' from command line to 'None'
[0.257s] Level 5:colcon.colcon_core.verb:set package 'nav_pkg2' build argument 'cmake_target_skip_unavailable' from command line to 'False'
[0.257s] Level 5:colcon.colcon_core.verb:set package 'nav_pkg2' build argument 'cmake_clean_cache' from command line to 'False'
[0.257s] Level 5:colcon.colcon_core.verb:set package 'nav_pkg2' build argument 'cmake_clean_first' from command line to 'False'
[0.257s] Level 5:colcon.colcon_core.verb:set package 'nav_pkg2' build argument 'cmake_force_configure' from command line to 'False'
[0.257s] Level 5:colcon.colcon_core.verb:set package 'nav_pkg2' build argument 'ament_cmake_args' from command line to 'None'
[0.257s] Level 5:colcon.colcon_core.verb:set package 'nav_pkg2' build argument 'catkin_cmake_args' from command line to 'None'
[0.257s] Level 5:colcon.colcon_core.verb:set package 'nav_pkg2' build argument 'catkin_skip_building_tests' from command line to 'False'
[0.257s] DEBUG:colcon.colcon_core.verb:Building package 'nav_pkg2' with the following arguments: {'ament_cmake_args': None, 'build_base': '/home/yujun/nav2ws1/build/nav_pkg2', 'catkin_cmake_args': None, 'catkin_skip_building_tests': False, 'cmake_args': None, 'cmake_clean_cache': False, 'cmake_clean_first': False, 'cmake_force_configure': False, 'cmake_target': None, 'cmake_target_skip_unavailable': False, 'install_base': '/home/yujun/nav2ws1/install/nav_pkg2', 'merge_install': False, 'path': '/home/yujun/nav2ws1/src/nav_pkg2', 'symlink_install': False, 'test_result_base': None}
[0.258s] Level 5:colcon.colcon_core.verb:set package 'turtlebot3_pkg1' build argument 'cmake_args' from command line to 'None'
[0.258s] Level 5:colcon.colcon_core.verb:set package 'turtlebot3_pkg1' build argument 'cmake_target' from command line to 'None'
[0.258s] Level 5:colcon.colcon_core.verb:set package 'turtlebot3_pkg1' build argument 'cmake_target_skip_unavailable' from command line to 'False'
[0.258s] Level 5:colcon.colcon_core.verb:set package 'turtlebot3_pkg1' build argument 'cmake_clean_cache' from command line to 'False'
[0.258s] Level 5:colcon.colcon_core.verb:set package 'turtlebot3_pkg1' build argument 'cmake_clean_first' from command line to 'False'
[0.258s] Level 5:colcon.colcon_core.verb:set package 'turtlebot3_pkg1' build argument 'cmake_force_configure' from command line to 'False'
[0.258s] Level 5:colcon.colcon_core.verb:set package 'turtlebot3_pkg1' build argument 'ament_cmake_args' from command line to 'None'
[0.258s] Level 5:colcon.colcon_core.verb:set package 'turtlebot3_pkg1' build argument 'catkin_cmake_args' from command line to 'None'
[0.258s] Level 5:colcon.colcon_core.verb:set package 'turtlebot3_pkg1' build argument 'catkin_skip_building_tests' from command line to 'False'
[0.258s] DEBUG:colcon.colcon_core.verb:Building package 'turtlebot3_pkg1' with the following arguments: {'ament_cmake_args': None, 'build_base': '/home/yujun/nav2ws1/build/turtlebot3_pkg1', 'catkin_cmake_args': None, 'catkin_skip_building_tests': False, 'cmake_args': None, 'cmake_clean_cache': False, 'cmake_clean_first': False, 'cmake_force_configure': False, 'cmake_target': None, 'cmake_target_skip_unavailable': False, 'install_base': '/home/yujun/nav2ws1/install/turtlebot3_pkg1', 'merge_install': False, 'path': '/home/yujun/nav2ws1/src/turtlebot3_pkg1', 'symlink_install': False, 'test_result_base': None}
[0.258s] INFO:colcon.colcon_core.executor:Executing jobs using 'parallel' executor
[0.259s] DEBUG:colcon.colcon_parallel_executor.executor.parallel:run_until_complete
[0.259s] INFO:colcon.colcon_ros.task.ament_python.build:Building ROS package in '/home/yujun/nav2ws1/src/nav_pkg2' with build type 'ament_python'
[0.259s] Level 1:colcon.colcon_core.shell:create_environment_hook('nav_pkg2', 'ament_prefix_path')
[0.260s] INFO:colcon.colcon_core.plugin_system:Skipping extension 'colcon_core.shell.bat': Not used on non-Windows systems
[0.260s] INFO:colcon.colcon_core.shell:Creating environment hook '/home/yujun/nav2ws1/install/nav_pkg2/share/nav_pkg2/hook/ament_prefix_path.ps1'
[0.261s] INFO:colcon.colcon_core.shell:Creating environment descriptor '/home/yujun/nav2ws1/install/nav_pkg2/share/nav_pkg2/hook/ament_prefix_path.dsv'
[0.261s] INFO:colcon.colcon_core.shell:Creating environment hook '/home/yujun/nav2ws1/install/nav_pkg2/share/nav_pkg2/hook/ament_prefix_path.sh'
[0.261s] INFO:colcon.colcon_core.shell:Skip shell extension 'powershell' for command environment: Not usable outside of PowerShell
[0.261s] DEBUG:colcon.colcon_core.shell:Skip shell extension 'dsv' for command environment
[0.264s] INFO:colcon.colcon_ros.task.ament_python.build:Building ROS package in '/home/yujun/nav2ws1/src/turtlebot3_pkg1' with build type 'ament_python'
[0.264s] Level 1:colcon.colcon_core.shell:create_environment_hook('turtlebot3_pkg1', 'ament_prefix_path')
[0.264s] INFO:colcon.colcon_core.shell:Creating environment hook '/home/yujun/nav2ws1/install/turtlebot3_pkg1/share/turtlebot3_pkg1/hook/ament_prefix_path.ps1'
[0.265s] INFO:colcon.colcon_core.shell:Creating environment descriptor '/home/yujun/nav2ws1/install/turtlebot3_pkg1/share/turtlebot3_pkg1/hook/ament_prefix_path.dsv'
[0.265s] INFO:colcon.colcon_core.shell:Creating environment hook '/home/yujun/nav2ws1/install/turtlebot3_pkg1/share/turtlebot3_pkg1/hook/ament_prefix_path.sh'
[0.265s] INFO:colcon.colcon_core.shell:Skip shell extension 'powershell' for command environment: Not usable outside of PowerShell
[0.265s] DEBUG:colcon.colcon_core.shell:Skip shell extension 'dsv' for command environment
[0.439s] INFO:colcon.colcon_core.task.python.build:Building Python package in '/home/yujun/nav2ws1/src/nav_pkg2'
[0.439s] INFO:colcon.colcon_core.shell:Skip shell extension 'powershell' for command environment: Not usable outside of PowerShell
[0.439s] DEBUG:colcon.colcon_core.shell:Skip shell extension 'dsv' for command environment
[0.617s] INFO:colcon.colcon_core.task.python.build:Building Python package in '/home/yujun/nav2ws1/src/turtlebot3_pkg1'
[0.617s] INFO:colcon.colcon_core.shell:Skip shell extension 'powershell' for command environment: Not usable outside of PowerShell
[0.617s] DEBUG:colcon.colcon_core.shell:Skip shell extension 'dsv' for command environment
[0.865s] DEBUG:colcon.colcon_core.task.python.build:Available setuptools commands: build, bdist_wheel, check, saveopts, extract_messages, build_scripts, alias, upload, compile_catalog, bdist_egg, install_scripts, setopt, dist_info, build_clib, register, build_py, symlink_data, test, easy_install, upload_docs, update_catalog, install_headers, develop, install_egg_info, init_catalog, egg_info, install_lib, install_data, bdist, sdist, install, clean, rotate, bdist_dumb, bdist_rpm, build_ext
[0.867s] DEBUG:colcon.colcon_core.task.python.build:Available setuptools commands: build, bdist_wheel, check, saveopts, extract_messages, build_scripts, alias, upload, compile_catalog, bdist_egg, install_scripts, setopt, dist_info, build_clib, register, build_py, symlink_data, test, easy_install, upload_docs, update_catalog, install_headers, develop, install_egg_info, init_catalog, egg_info, install_lib, install_data, bdist, sdist, install, clean, rotate, bdist_dumb, bdist_rpm, build_ext
[0.867s] DEBUG:colcon.colcon_core.event_handler.log_command:Invoking command in '/home/yujun/nav2ws1/build/nav_pkg2': PYTHONPATH=/home/yujun/nav2ws1/build/nav_pkg2/prefix_override:/usr/lib/python3/dist-packages/colcon_core/task/python/colcon_distutils_commands:/home/yujun/nav2ws1/install/nav_pkg2/lib/python3.10/site-packages:${PYTHONPATH} /usr/bin/python3 -W ignore:setup.py install is deprecated -W ignore:easy_install command is deprecated setup.py develop --uninstall --editable --build-directory /home/yujun/nav2ws1/build/nav_pkg2/build
[0.869s] DEBUG:colcon.colcon_core.event_handler.log_command:Invoking command in '/home/yujun/nav2ws1/build/turtlebot3_pkg1': PYTHONPATH=/home/yujun/nav2ws1/build/turtlebot3_pkg1/prefix_override:/usr/lib/python3/dist-packages/colcon_core/task/python/colcon_distutils_commands:/home/yujun/nav2ws1/install/turtlebot3_pkg1/lib/python3.10/site-packages:${PYTHONPATH} /usr/bin/python3 -W ignore:setup.py install is deprecated -W ignore:easy_install command is deprecated setup.py develop --uninstall --editable --build-directory /home/yujun/nav2ws1/build/turtlebot3_pkg1/build
[1.182s] DEBUG:colcon.colcon_core.event_handler.log_command:Invoked command in '/home/yujun/nav2ws1/build/nav_pkg2' returned '0': PYTHONPATH=/home/yujun/nav2ws1/build/nav_pkg2/prefix_override:/usr/lib/python3/dist-packages/colcon_core/task/python/colcon_distutils_commands:/home/yujun/nav2ws1/install/nav_pkg2/lib/python3.10/site-packages:${PYTHONPATH} /usr/bin/python3 -W ignore:setup.py install is deprecated -W ignore:easy_install command is deprecated setup.py develop --uninstall --editable --build-directory /home/yujun/nav2ws1/build/nav_pkg2/build
[1.183s] DEBUG:colcon.colcon_core.event_handler.log_command:Invoking command in '/home/yujun/nav2ws1/src/nav_pkg2': PYTHONPATH=/home/yujun/nav2ws1/build/nav_pkg2/prefix_override:/usr/lib/python3/dist-packages/colcon_core/task/python/colcon_distutils_commands:/home/yujun/nav2ws1/install/nav_pkg2/lib/python3.10/site-packages:${PYTHONPATH} /usr/bin/python3 -W ignore:setup.py install is deprecated -W ignore:easy_install command is deprecated setup.py egg_info --egg-base ../../build/nav_pkg2 build --build-base /home/yujun/nav2ws1/build/nav_pkg2/build install --record /home/yujun/nav2ws1/build/nav_pkg2/install.log --install-scripts $base/lib/nav_pkg2 --single-version-externally-managed install_data --force
[1.187s] DEBUG:colcon.colcon_core.event_handler.log_command:Invoked command in '/home/yujun/nav2ws1/build/turtlebot3_pkg1' returned '0': PYTHONPATH=/home/yujun/nav2ws1/build/turtlebot3_pkg1/prefix_override:/usr/lib/python3/dist-packages/colcon_core/task/python/colcon_distutils_commands:/home/yujun/nav2ws1/install/turtlebot3_pkg1/lib/python3.10/site-packages:${PYTHONPATH} /usr/bin/python3 -W ignore:setup.py install is deprecated -W ignore:easy_install command is deprecated setup.py develop --uninstall --editable --build-directory /home/yujun/nav2ws1/build/turtlebot3_pkg1/build
[1.188s] DEBUG:colcon.colcon_core.event_handler.log_command:Invoking command in '/home/yujun/nav2ws1/src/turtlebot3_pkg1': PYTHONPATH=/home/yujun/nav2ws1/build/turtlebot3_pkg1/prefix_override:/usr/lib/python3/dist-packages/colcon_core/task/python/colcon_distutils_commands:/home/yujun/nav2ws1/install/turtlebot3_pkg1/lib/python3.10/site-packages:${PYTHONPATH} /usr/bin/python3 -W ignore:setup.py install is deprecated -W ignore:easy_install command is deprecated setup.py egg_info --egg-base ../../build/turtlebot3_pkg1 build --build-base /home/yujun/nav2ws1/build/turtlebot3_pkg1/build install --record /home/yujun/nav2ws1/build/turtlebot3_pkg1/install.log --install-scripts $base/lib/turtlebot3_pkg1 --single-version-externally-managed install_data --force
[1.397s] DEBUG:colcon.colcon_core.event_handler.log_command:Invoked command in '/home/yujun/nav2ws1/src/turtlebot3_pkg1' returned '0': PYTHONPATH=/home/yujun/nav2ws1/build/turtlebot3_pkg1/prefix_override:/usr/lib/python3/dist-packages/colcon_core/task/python/colcon_distutils_commands:/home/yujun/nav2ws1/install/turtlebot3_pkg1/lib/python3.10/site-packages:${PYTHONPATH} /usr/bin/python3 -W ignore:setup.py install is deprecated -W ignore:easy_install command is deprecated setup.py egg_info --egg-base ../../build/turtlebot3_pkg1 build --build-base /home/yujun/nav2ws1/build/turtlebot3_pkg1/build install --record /home/yujun/nav2ws1/build/turtlebot3_pkg1/install.log --install-scripts $base/lib/turtlebot3_pkg1 --single-version-externally-managed install_data --force
[1.399s] Level 1:colcon.colcon_core.environment:checking '/home/yujun/nav2ws1/install/turtlebot3_pkg1' for CMake module files
[1.399s] Level 1:colcon.colcon_core.environment:checking '/home/yujun/nav2ws1/install/turtlebot3_pkg1' for CMake config files
[1.399s] Level 1:colcon.colcon_core.environment:checking '/home/yujun/nav2ws1/install/turtlebot3_pkg1/lib'
[1.399s] Level 1:colcon.colcon_core.environment:checking '/home/yujun/nav2ws1/install/turtlebot3_pkg1/bin'
[1.399s] Level 1:colcon.colcon_core.environment:checking '/home/yujun/nav2ws1/install/turtlebot3_pkg1/lib/pkgconfig/turtlebot3_pkg1.pc'
[1.400s] Level 1:colcon.colcon_core.environment:checking '/home/yujun/nav2ws1/install/turtlebot3_pkg1/lib/python3.10/site-packages'
[1.400s] Level 1:colcon.colcon_core.shell:create_environment_hook('turtlebot3_pkg1', 'pythonpath')
[1.400s] INFO:colcon.colcon_core.shell:Creating environment hook '/home/yujun/nav2ws1/install/turtlebot3_pkg1/share/turtlebot3_pkg1/hook/pythonpath.ps1'
[1.400s] INFO:colcon.colcon_core.shell:Creating environment descriptor '/home/yujun/nav2ws1/install/turtlebot3_pkg1/share/turtlebot3_pkg1/hook/pythonpath.dsv'
[1.400s] INFO:colcon.colcon_core.shell:Creating environment hook '/home/yujun/nav2ws1/install/turtlebot3_pkg1/share/turtlebot3_pkg1/hook/pythonpath.sh'
[1.401s] Level 1:colcon.colcon_core.environment:checking '/home/yujun/nav2ws1/install/turtlebot3_pkg1/bin'
[1.401s] Level 1:colcon.colcon_core.environment:create_environment_scripts_only(turtlebot3_pkg1)
[1.401s] INFO:colcon.colcon_core.shell:Creating package script '/home/yujun/nav2ws1/install/turtlebot3_pkg1/share/turtlebot3_pkg1/package.ps1'
[1.402s] INFO:colcon.colcon_core.shell:Creating package descriptor '/home/yujun/nav2ws1/install/turtlebot3_pkg1/share/turtlebot3_pkg1/package.dsv'
[1.402s] INFO:colcon.colcon_core.shell:Creating package script '/home/yujun/nav2ws1/install/turtlebot3_pkg1/share/turtlebot3_pkg1/package.sh'
[1.402s] INFO:colcon.colcon_core.shell:Creating package script '/home/yujun/nav2ws1/install/turtlebot3_pkg1/share/turtlebot3_pkg1/package.bash'
[1.403s] INFO:colcon.colcon_core.shell:Creating package script '/home/yujun/nav2ws1/install/turtlebot3_pkg1/share/turtlebot3_pkg1/package.zsh'
[1.403s] Level 1:colcon.colcon_core.environment:create_file_with_runtime_dependencies(/home/yujun/nav2ws1/install/turtlebot3_pkg1/share/colcon-core/packages/turtlebot3_pkg1)
[1.404s] Level 1:colcon.colcon_core.environment:checking '/home/yujun/nav2ws1/install/nav_pkg2' for CMake module files
[1.404s] DEBUG:colcon.colcon_core.event_handler.log_command:Invoked command in '/home/yujun/nav2ws1/src/nav_pkg2' returned '0': PYTHONPATH=/home/yujun/nav2ws1/build/nav_pkg2/prefix_override:/usr/lib/python3/dist-packages/colcon_core/task/python/colcon_distutils_commands:/home/yujun/nav2ws1/install/nav_pkg2/lib/python3.10/site-packages:${PYTHONPATH} /usr/bin/python3 -W ignore:setup.py install is deprecated -W ignore:easy_install command is deprecated setup.py egg_info --egg-base ../../build/nav_pkg2 build --build-base /home/yujun/nav2ws1/build/nav_pkg2/build install --record /home/yujun/nav2ws1/build/nav_pkg2/install.log --install-scripts $base/lib/nav_pkg2 --single-version-externally-managed install_data --force
[1.405s] Level 1:colcon.colcon_core.environment:checking '/home/yujun/nav2ws1/install/nav_pkg2' for CMake config files
[1.405s] Level 1:colcon.colcon_core.environment:checking '/home/yujun/nav2ws1/install/nav_pkg2/lib'
[1.405s] Level 1:colcon.colcon_core.environment:checking '/home/yujun/nav2ws1/install/nav_pkg2/bin'
[1.405s] Level 1:colcon.colcon_core.environment:checking '/home/yujun/nav2ws1/install/nav_pkg2/lib/pkgconfig/nav_pkg2.pc'
[1.405s] Level 1:colcon.colcon_core.environment:checking '/home/yujun/nav2ws1/install/nav_pkg2/lib/python3.10/site-packages'
[1.405s] Level 1:colcon.colcon_core.shell:create_environment_hook('nav_pkg2', 'pythonpath')
[1.405s] INFO:colcon.colcon_core.shell:Creating environment hook '/home/yujun/nav2ws1/install/nav_pkg2/share/nav_pkg2/hook/pythonpath.ps1'
[1.406s] INFO:colcon.colcon_core.shell:Creating environment descriptor '/home/yujun/nav2ws1/install/nav_pkg2/share/nav_pkg2/hook/pythonpath.dsv'
[1.406s] INFO:colcon.colcon_core.shell:Creating environment hook '/home/yujun/nav2ws1/install/nav_pkg2/share/nav_pkg2/hook/pythonpath.sh'
[1.406s] Level 1:colcon.colcon_core.environment:checking '/home/yujun/nav2ws1/install/nav_pkg2/bin'
[1.406s] Level 1:colcon.colcon_core.environment:create_environment_scripts_only(nav_pkg2)
[1.406s] INFO:colcon.colcon_core.shell:Creating package script '/home/yujun/nav2ws1/install/nav_pkg2/share/nav_pkg2/package.ps1'
[1.407s] INFO:colcon.colcon_core.shell:Creating package descriptor '/home/yujun/nav2ws1/install/nav_pkg2/share/nav_pkg2/package.dsv'
[1.407s] INFO:colcon.colcon_core.shell:Creating package script '/home/yujun/nav2ws1/install/nav_pkg2/share/nav_pkg2/package.sh'
[1.407s] INFO:colcon.colcon_core.shell:Creating package script '/home/yujun/nav2ws1/install/nav_pkg2/share/nav_pkg2/package.bash'
[1.407s] INFO:colcon.colcon_core.shell:Creating package script '/home/yujun/nav2ws1/install/nav_pkg2/share/nav_pkg2/package.zsh'
[1.408s] Level 1:colcon.colcon_core.environment:create_file_with_runtime_dependencies(/home/yujun/nav2ws1/install/nav_pkg2/share/colcon-core/packages/nav_pkg2)
[1.408s] DEBUG:colcon.colcon_parallel_executor.executor.parallel:closing loop
[1.408s] DEBUG:colcon.colcon_parallel_executor.executor.parallel:loop closed
[1.408s] DEBUG:colcon.colcon_parallel_executor.executor.parallel:run_until_complete finished with '0'
[1.408s] DEBUG:colcon.colcon_core.event_reactor:joining thread
[1.411s] INFO:colcon.colcon_core.plugin_system:Skipping extension 'colcon_notification.desktop_notification.terminal_notifier': Not used on non-Darwin systems
[1.411s] INFO:colcon.colcon_core.plugin_system:Skipping extension 'colcon_notification.desktop_notification.win32': Not used on non-Windows systems
[1.411s] INFO:colcon.colcon_notification.desktop_notification:Sending desktop notification using 'notify2'
[1.419s] DEBUG:colcon.colcon_core.event_reactor:joined thread
[1.420s] INFO:colcon.colcon_core.shell:Creating prefix script '/home/yujun/nav2ws1/install/local_setup.ps1'
[1.420s] INFO:colcon.colcon_core.shell:Creating prefix util module '/home/yujun/nav2ws1/install/_local_setup_util_ps1.py'
[1.421s] INFO:colcon.colcon_core.shell:Creating prefix chain script '/home/yujun/nav2ws1/install/setup.ps1'
[1.422s] INFO:colcon.colcon_core.shell:Creating prefix script '/home/yujun/nav2ws1/install/local_setup.sh'
[1.422s] INFO:colcon.colcon_core.shell:Creating prefix util module '/home/yujun/nav2ws1/install/_local_setup_util_sh.py'
[1.423s] INFO:colcon.colcon_core.shell:Creating prefix chain script '/home/yujun/nav2ws1/install/setup.sh'
[1.423s] INFO:colcon.colcon_core.shell:Creating prefix script '/home/yujun/nav2ws1/install/local_setup.bash'
[1.424s] INFO:colcon.colcon_core.shell:Creating prefix chain script '/home/yujun/nav2ws1/install/setup.bash'
[1.424s] INFO:colcon.colcon_core.shell:Creating prefix script '/home/yujun/nav2ws1/install/local_setup.zsh'
[1.425s] INFO:colcon.colcon_core.shell:Creating prefix chain script '/home/yujun/nav2ws1/install/setup.zsh'
