/home/yujun/nav2ws1/install/nav_pkg2/lib/python3.10/site-packages/nav_pkg2/nav_go1.py
/home/yujun/nav2ws1/install/nav_pkg2/lib/python3.10/site-packages/nav_pkg2/nav_way1.py
/home/yujun/nav2ws1/install/nav_pkg2/lib/python3.10/site-packages/nav_pkg2/__init__.py
/home/yujun/nav2ws1/install/nav_pkg2/lib/python3.10/site-packages/nav_pkg2/__pycache__/nav_go1.cpython-310.pyc
/home/yujun/nav2ws1/install/nav_pkg2/lib/python3.10/site-packages/nav_pkg2/__pycache__/nav_way1.cpython-310.pyc
/home/yujun/nav2ws1/install/nav_pkg2/lib/python3.10/site-packages/nav_pkg2/__pycache__/__init__.cpython-310.pyc
/home/yujun/nav2ws1/install/nav_pkg2/share/ament_index/resource_index/packages/nav_pkg2
/home/yujun/nav2ws1/install/nav_pkg2/share/nav_pkg2/package.xml
/home/yujun/nav2ws1/install/nav_pkg2/share/nav_pkg2/launch/sim2.launch.py
/home/yujun/nav2ws1/install/nav_pkg2/share/nav_pkg2/description/mobile_robot1.urdf.xacro
/home/yujun/nav2ws1/install/nav_pkg2/share/nav_pkg2/worlds/simple_room.world
/home/yujun/nav2ws1/install/nav_pkg2/share/nav_pkg2/maps/simple_room.pgm
/home/yujun/nav2ws1/install/nav_pkg2/share/nav_pkg2/maps/tb2_world.pgm
/home/yujun/nav2ws1/install/nav_pkg2/share/nav_pkg2/maps/simple_room.yaml
/home/yujun/nav2ws1/install/nav_pkg2/share/nav_pkg2/maps/tb2_world.yaml
/home/yujun/nav2ws1/install/nav_pkg2/share/nav_pkg2/config
/home/yujun/nav2ws1/install/nav_pkg2/share/nav_pkg2/rviz
/home/yujun/nav2ws1/install/nav_pkg2/lib/python3.10/site-packages/nav_pkg2-0.0.0-py3.10.egg-info/requires.txt
/home/yujun/nav2ws1/install/nav_pkg2/lib/python3.10/site-packages/nav_pkg2-0.0.0-py3.10.egg-info/entry_points.txt
/home/yujun/nav2ws1/install/nav_pkg2/lib/python3.10/site-packages/nav_pkg2-0.0.0-py3.10.egg-info/PKG-INFO
/home/yujun/nav2ws1/install/nav_pkg2/lib/python3.10/site-packages/nav_pkg2-0.0.0-py3.10.egg-info/dependency_links.txt
/home/yujun/nav2ws1/install/nav_pkg2/lib/python3.10/site-packages/nav_pkg2-0.0.0-py3.10.egg-info/zip-safe
/home/yujun/nav2ws1/install/nav_pkg2/lib/python3.10/site-packages/nav_pkg2-0.0.0-py3.10.egg-info/top_level.txt
/home/yujun/nav2ws1/install/nav_pkg2/lib/python3.10/site-packages/nav_pkg2-0.0.0-py3.10.egg-info/SOURCES.txt
/home/yujun/nav2ws1/install/nav_pkg2/lib/nav_pkg2/nav_go1
/home/yujun/nav2ws1/install/nav_pkg2/lib/nav_pkg2/nav_way1
