[0.793s] Invoking command in '/home/yujun/nav2ws1/build/nav_pkg2': PYTHONPATH=/home/yujun/nav2ws1/build/nav_pkg2/prefix_override:/usr/lib/python3/dist-packages/colcon_core/task/python/colcon_distutils_commands:/home/yujun/nav2ws1/install/nav_pkg2/lib/python3.10/site-packages:${PYTHONPATH} /usr/bin/python3 -W ignore:setup.py install is deprecated -W ignore:easy_install command is deprecated setup.py develop --editable --build-directory /home/yujun/nav2ws1/build/nav_pkg2/build --no-deps symlink_data
[0.979s] running develop
[1.096s] running egg_info
[1.096s] creating nav_pkg2.egg-info
[1.096s] writing nav_pkg2.egg-info/PKG-INFO
[1.096s] writing dependency_links to nav_pkg2.egg-info/dependency_links.txt
[1.096s] writing entry points to nav_pkg2.egg-info/entry_points.txt
[1.096s] writing requirements to nav_pkg2.egg-info/requires.txt
[1.096s] writing top-level names to nav_pkg2.egg-info/top_level.txt
[1.097s] writing manifest file 'nav_pkg2.egg-info/SOURCES.txt'
[1.098s] reading manifest file 'nav_pkg2.egg-info/SOURCES.txt'
[1.098s] writing manifest file 'nav_pkg2.egg-info/SOURCES.txt'
[1.099s] running build_ext
[1.099s] Creating /home/yujun/nav2ws1/install/nav_pkg2/lib/python3.10/site-packages/nav-pkg2.egg-link (link to .)
[1.100s] Installing nav_go1 script to /home/yujun/nav2ws1/install/nav_pkg2/lib/nav_pkg2
[1.100s] Installing nav_way1 script to /home/yujun/nav2ws1/install/nav_pkg2/lib/nav_pkg2
[1.100s] 
[1.100s] Installed /home/yujun/nav2ws1/build/nav_pkg2
[1.100s] running symlink_data
[1.100s] creating /home/yujun/nav2ws1/install/nav_pkg2/share/ament_index
[1.100s] creating /home/yujun/nav2ws1/install/nav_pkg2/share/ament_index/resource_index
[1.100s] creating /home/yujun/nav2ws1/install/nav_pkg2/share/ament_index/resource_index/packages
[1.100s] symbolically linking /home/yujun/nav2ws1/build/nav_pkg2/resource/nav_pkg2 -> /home/yujun/nav2ws1/install/nav_pkg2/share/ament_index/resource_index/packages
[1.100s] symbolically linking /home/yujun/nav2ws1/build/nav_pkg2/package.xml -> /home/yujun/nav2ws1/install/nav_pkg2/share/nav_pkg2
[1.100s] creating /home/yujun/nav2ws1/install/nav_pkg2/share/nav_pkg2/launch
[1.100s] symbolically linking /home/yujun/nav2ws1/build/nav_pkg2/launch/sim2.launch.py -> /home/yujun/nav2ws1/install/nav_pkg2/share/nav_pkg2/launch
[1.100s] creating /home/yujun/nav2ws1/install/nav_pkg2/share/nav_pkg2/description
[1.100s] symbolically linking /home/yujun/nav2ws1/build/nav_pkg2/description/mobile_robot1.urdf.xacro -> /home/yujun/nav2ws1/install/nav_pkg2/share/nav_pkg2/description
[1.101s] creating /home/yujun/nav2ws1/install/nav_pkg2/share/nav_pkg2/worlds
[1.101s] symbolically linking /home/yujun/nav2ws1/build/nav_pkg2/worlds/simple_room.world -> /home/yujun/nav2ws1/install/nav_pkg2/share/nav_pkg2/worlds
[1.101s] creating /home/yujun/nav2ws1/install/nav_pkg2/share/nav_pkg2/maps
[1.101s] symbolically linking /home/yujun/nav2ws1/build/nav_pkg2/maps/simple_room.pgm -> /home/yujun/nav2ws1/install/nav_pkg2/share/nav_pkg2/maps
[1.101s] symbolically linking /home/yujun/nav2ws1/build/nav_pkg2/maps/tb2_world.pgm -> /home/yujun/nav2ws1/install/nav_pkg2/share/nav_pkg2/maps
[1.101s] symbolically linking /home/yujun/nav2ws1/build/nav_pkg2/maps/simple_room.yaml -> /home/yujun/nav2ws1/install/nav_pkg2/share/nav_pkg2/maps
[1.101s] symbolically linking /home/yujun/nav2ws1/build/nav_pkg2/maps/tb2_world.yaml -> /home/yujun/nav2ws1/install/nav_pkg2/share/nav_pkg2/maps
[1.101s] creating /home/yujun/nav2ws1/install/nav_pkg2/share/nav_pkg2/config
[1.101s] creating /home/yujun/nav2ws1/install/nav_pkg2/share/nav_pkg2/rviz
[1.128s] Invoked command in '/home/yujun/nav2ws1/build/nav_pkg2' returned '0': PYTHONPATH=/home/yujun/nav2ws1/build/nav_pkg2/prefix_override:/usr/lib/python3/dist-packages/colcon_core/task/python/colcon_distutils_commands:/home/yujun/nav2ws1/install/nav_pkg2/lib/python3.10/site-packages:${PYTHONPATH} /usr/bin/python3 -W ignore:setup.py install is deprecated -W ignore:easy_install command is deprecated setup.py develop --editable --build-directory /home/yujun/nav2ws1/build/nav_pkg2/build --no-deps symlink_data
