running egg_info
writing ../../build/nav_pkg2/nav_pkg2.egg-info/PKG-INFO
writing dependency_links to ../../build/nav_pkg2/nav_pkg2.egg-info/dependency_links.txt
writing entry points to ../../build/nav_pkg2/nav_pkg2.egg-info/entry_points.txt
writing requirements to ../../build/nav_pkg2/nav_pkg2.egg-info/requires.txt
writing top-level names to ../../build/nav_pkg2/nav_pkg2.egg-info/top_level.txt
reading manifest file '../../build/nav_pkg2/nav_pkg2.egg-info/SOURCES.txt'
writing manifest file '../../build/nav_pkg2/nav_pkg2.egg-info/SOURCES.txt'
running build
running build_py
running install
running install_lib
running install_data
running install_egg_info
removing '/home/yujun/nav2ws1/install/nav_pkg2/lib/python3.10/site-packages/nav_pkg2-0.0.0-py3.10.egg-info' (and everything under it)
Copying ../../build/nav_pkg2/nav_pkg2.egg-info to /home/yujun/nav2ws1/install/nav_pkg2/lib/python3.10/site-packages/nav_pkg2-0.0.0-py3.10.egg-info
running install_scripts
Installing nav_go1 script to /home/yujun/nav2ws1/install/nav_pkg2/lib/nav_pkg2
Installing nav_way1 script to /home/yujun/nav2ws1/install/nav_pkg2/lib/nav_pkg2
writing list of installed files to '/home/yujun/nav2ws1/build/nav_pkg2/install.log'
