[0.577s] Invoking command in '/home/yujun/nav2ws1/src/nav_pkg2': PYTHONPATH=/home/yujun/nav2ws1/build/nav_pkg2/prefix_override:/usr/lib/python3/dist-packages/colcon_core/task/python/colcon_distutils_commands:/home/yujun/nav2ws1/install/nav_pkg2/lib/python3.10/site-packages:${PYTHONPATH} /usr/bin/python3 -W ignore:setup.py install is deprecated -W ignore:easy_install command is deprecated setup.py egg_info --egg-base ../../build/nav_pkg2 build --build-base /home/yujun/nav2ws1/build/nav_pkg2/build install --record /home/yujun/nav2ws1/build/nav_pkg2/install.log --install-scripts $base/lib/nav_pkg2 --single-version-externally-managed install_data
[0.744s] running egg_info
[0.745s] writing ../../build/nav_pkg2/nav_pkg2.egg-info/PKG-INFO
[0.745s] writing dependency_links to ../../build/nav_pkg2/nav_pkg2.egg-info/dependency_links.txt
[0.745s] writing entry points to ../../build/nav_pkg2/nav_pkg2.egg-info/entry_points.txt
[0.745s] writing requirements to ../../build/nav_pkg2/nav_pkg2.egg-info/requires.txt
[0.745s] writing top-level names to ../../build/nav_pkg2/nav_pkg2.egg-info/top_level.txt
[0.746s] reading manifest file '../../build/nav_pkg2/nav_pkg2.egg-info/SOURCES.txt'
[0.747s] writing manifest file '../../build/nav_pkg2/nav_pkg2.egg-info/SOURCES.txt'
[0.747s] running build
[0.747s] running build_py
[0.747s] running install
[0.747s] running install_lib
[0.748s] running install_data
[0.748s] running install_egg_info
[0.749s] removing '/home/yujun/nav2ws1/install/nav_pkg2/lib/python3.10/site-packages/nav_pkg2-0.0.0-py3.10.egg-info' (and everything under it)
[0.749s] Copying ../../build/nav_pkg2/nav_pkg2.egg-info to /home/yujun/nav2ws1/install/nav_pkg2/lib/python3.10/site-packages/nav_pkg2-0.0.0-py3.10.egg-info
[0.750s] running install_scripts
[0.763s] Installing nav_go1 script to /home/yujun/nav2ws1/install/nav_pkg2/lib/nav_pkg2
[0.764s] Installing nav_way1 script to /home/yujun/nav2ws1/install/nav_pkg2/lib/nav_pkg2
[0.764s] writing list of installed files to '/home/yujun/nav2ws1/build/nav_pkg2/install.log'
[0.788s] Invoked command in '/home/yujun/nav2ws1/src/nav_pkg2' returned '0': PYTHONPATH=/home/yujun/nav2ws1/build/nav_pkg2/prefix_override:/usr/lib/python3/dist-packages/colcon_core/task/python/colcon_distutils_commands:/home/yujun/nav2ws1/install/nav_pkg2/lib/python3.10/site-packages:${PYTHONPATH} /usr/bin/python3 -W ignore:setup.py install is deprecated -W ignore:easy_install command is deprecated setup.py egg_info --egg-base ../../build/nav_pkg2 build --build-base /home/yujun/nav2ws1/build/nav_pkg2/build install --record /home/yujun/nav2ws1/build/nav_pkg2/install.log --install-scripts $base/lib/nav_pkg2 --single-version-externally-managed install_data
