[0.069s] DEBUG:colcon:Command line arguments: ['/usr/bin/colcon', 'build', '--symlink-install']
[0.069s] DEBUG:colcon:Parsed command line arguments: Namespace(log_base=None, log_level=None, verb_name='build', build_base='build', install_base='install', merge_install=False, symlink_install=True, test_result_base=None, continue_on_error=False, executor='parallel', parallel_workers=12, event_handlers=None, ignore_user_meta=False, metas=['./colcon.meta'], base_paths=['.'], packages_ignore=None, packages_ignore_regex=None, paths=None, packages_up_to=None, packages_up_to_regex=None, packages_above=None, packages_above_and_dependencies=None, packages_above_depth=None, packages_select_by_dep=None, packages_skip_by_dep=None, packages_skip_up_to=None, packages_select_build_failed=False, packages_skip_build_finished=False, packages_select_test_failures=False, packages_skip_test_passed=False, packages_select=None, packages_skip=None, packages_select_regex=None, packages_skip_regex=None, packages_start=None, packages_end=None, allow_overriding=[], cmake_args=None, cmake_target=None, cmake_target_skip_unavailable=False, cmake_clean_cache=False, cmake_clean_first=False, cmake_force_configure=False, ament_cmake_args=None, catkin_cmake_args=None, catkin_skip_building_tests=False, mixin_files=None, mixin=None, verb_parser=<colcon_mixin.mixin.mixin_argument.MixinArgumentDecorator object at 0x723faf547e50>, verb_extension=<colcon_core.verb.build.BuildVerb object at 0x723faf501810>, main=<bound method BuildVerb.main of <colcon_core.verb.build.BuildVerb object at 0x723faf501810>>, mixin_verb=('build',))
[0.177s] Level 1:colcon.colcon_core.package_discovery:discover_packages(colcon_meta) check parameters
[0.177s] Level 1:colcon.colcon_core.package_discovery:discover_packages(recursive) check parameters
[0.177s] Level 1:colcon.colcon_core.package_discovery:discover_packages(ignore) check parameters
[0.177s] Level 1:colcon.colcon_core.package_discovery:discover_packages(path) check parameters
[0.177s] Level 1:colcon.colcon_core.package_discovery:discover_packages(colcon_meta) discover
[0.177s] Level 1:colcon.colcon_core.package_discovery:discover_packages(recursive) discover
[0.177s] INFO:colcon.colcon_core.package_discovery:Crawling recursively for packages in '/home/yujun/nav2ws1'
[0.177s] Level 1:colcon.colcon_core.package_identification:_identify(.) by extensions ['ignore', 'ignore_ament_install']
[0.178s] Level 1:colcon.colcon_core.package_identification:_identify(.) by extension 'ignore'
[0.178s] Level 1:colcon.colcon_core.package_identification:_identify(.) by extension 'ignore_ament_install'
[0.178s] Level 1:colcon.colcon_core.package_identification:_identify(.) by extensions ['colcon_pkg']
[0.178s] Level 1:colcon.colcon_core.package_identification:_identify(.) by extension 'colcon_pkg'
[0.178s] Level 1:colcon.colcon_core.package_identification:_identify(.) by extensions ['colcon_meta']
[0.178s] Level 1:colcon.colcon_core.package_identification:_identify(.) by extension 'colcon_meta'
[0.178s] Level 1:colcon.colcon_core.package_identification:_identify(.) by extensions ['ros']
[0.178s] Level 1:colcon.colcon_core.package_identification:_identify(.) by extension 'ros'
[0.184s] Level 1:colcon.colcon_core.package_identification:_identify(.) by extensions ['cmake', 'python']
[0.184s] Level 1:colcon.colcon_core.package_identification:_identify(.) by extension 'cmake'
[0.184s] Level 1:colcon.colcon_core.package_identification:_identify(.) by extension 'python'
[0.184s] Level 1:colcon.colcon_core.package_identification:_identify(.) by extensions ['python_setup_py']
[0.184s] Level 1:colcon.colcon_core.package_identification:_identify(.) by extension 'python_setup_py'
[0.185s] Level 1:colcon.colcon_core.package_identification:_identify(build) by extensions ['ignore', 'ignore_ament_install']
[0.185s] Level 1:colcon.colcon_core.package_identification:_identify(build) by extension 'ignore'
[0.185s] Level 1:colcon.colcon_core.package_identification:_identify(build) ignored
[0.185s] Level 1:colcon.colcon_core.package_identification:_identify(install) by extensions ['ignore', 'ignore_ament_install']
[0.185s] Level 1:colcon.colcon_core.package_identification:_identify(install) by extension 'ignore'
[0.185s] Level 1:colcon.colcon_core.package_identification:_identify(install) ignored
[0.185s] Level 1:colcon.colcon_core.package_identification:_identify(log) by extensions ['ignore', 'ignore_ament_install']
[0.185s] Level 1:colcon.colcon_core.package_identification:_identify(log) by extension 'ignore'
[0.185s] Level 1:colcon.colcon_core.package_identification:_identify(log) ignored
[0.185s] Level 1:colcon.colcon_core.package_identification:_identify(src) by extensions ['ignore', 'ignore_ament_install']
[0.185s] Level 1:colcon.colcon_core.package_identification:_identify(src) by extension 'ignore'
[0.185s] Level 1:colcon.colcon_core.package_identification:_identify(src) by extension 'ignore_ament_install'
[0.185s] Level 1:colcon.colcon_core.package_identification:_identify(src) by extensions ['colcon_pkg']
[0.185s] Level 1:colcon.colcon_core.package_identification:_identify(src) by extension 'colcon_pkg'
[0.185s] Level 1:colcon.colcon_core.package_identification:_identify(src) by extensions ['colcon_meta']
[0.185s] Level 1:colcon.colcon_core.package_identification:_identify(src) by extension 'colcon_meta'
[0.185s] Level 1:colcon.colcon_core.package_identification:_identify(src) by extensions ['ros']
[0.185s] Level 1:colcon.colcon_core.package_identification:_identify(src) by extension 'ros'
[0.185s] Level 1:colcon.colcon_core.package_identification:_identify(src) by extensions ['cmake', 'python']
[0.185s] Level 1:colcon.colcon_core.package_identification:_identify(src) by extension 'cmake'
[0.185s] Level 1:colcon.colcon_core.package_identification:_identify(src) by extension 'python'
[0.185s] Level 1:colcon.colcon_core.package_identification:_identify(src) by extensions ['python_setup_py']
[0.185s] Level 1:colcon.colcon_core.package_identification:_identify(src) by extension 'python_setup_py'
[0.185s] Level 1:colcon.colcon_core.package_identification:_identify(src/nav_pkg2) by extensions ['ignore', 'ignore_ament_install']
[0.185s] Level 1:colcon.colcon_core.package_identification:_identify(src/nav_pkg2) by extension 'ignore'
[0.185s] Level 1:colcon.colcon_core.package_identification:_identify(src/nav_pkg2) by extension 'ignore_ament_install'
[0.185s] Level 1:colcon.colcon_core.package_identification:_identify(src/nav_pkg2) by extensions ['colcon_pkg']
[0.185s] Level 1:colcon.colcon_core.package_identification:_identify(src/nav_pkg2) by extension 'colcon_pkg'
[0.185s] Level 1:colcon.colcon_core.package_identification:_identify(src/nav_pkg2) by extensions ['colcon_meta']
[0.185s] Level 1:colcon.colcon_core.package_identification:_identify(src/nav_pkg2) by extension 'colcon_meta'
[0.185s] Level 1:colcon.colcon_core.package_identification:_identify(src/nav_pkg2) by extensions ['ros']
[0.185s] Level 1:colcon.colcon_core.package_identification:_identify(src/nav_pkg2) by extension 'ros'
[0.187s] DEBUG:colcon.colcon_core.package_identification:Package 'src/nav_pkg2' with type 'ros.ament_python' and name 'nav_pkg2'
[0.187s] Level 1:colcon.colcon_core.package_identification:_identify(src/turtlebot3_pkg1) by extensions ['ignore', 'ignore_ament_install']
[0.187s] Level 1:colcon.colcon_core.package_identification:_identify(src/turtlebot3_pkg1) by extension 'ignore'
[0.187s] Level 1:colcon.colcon_core.package_identification:_identify(src/turtlebot3_pkg1) by extension 'ignore_ament_install'
[0.187s] Level 1:colcon.colcon_core.package_identification:_identify(src/turtlebot3_pkg1) by extensions ['colcon_pkg']
[0.187s] Level 1:colcon.colcon_core.package_identification:_identify(src/turtlebot3_pkg1) by extension 'colcon_pkg'
[0.187s] Level 1:colcon.colcon_core.package_identification:_identify(src/turtlebot3_pkg1) by extensions ['colcon_meta']
[0.187s] Level 1:colcon.colcon_core.package_identification:_identify(src/turtlebot3_pkg1) by extension 'colcon_meta'
[0.187s] Level 1:colcon.colcon_core.package_identification:_identify(src/turtlebot3_pkg1) by extensions ['ros']
[0.187s] Level 1:colcon.colcon_core.package_identification:_identify(src/turtlebot3_pkg1) by extension 'ros'
[0.188s] DEBUG:colcon.colcon_core.package_identification:Package 'src/turtlebot3_pkg1' with type 'ros.ament_python' and name 'turtlebot3_pkg1'
[0.188s] Level 1:colcon.colcon_core.package_discovery:discover_packages(recursive) using defaults
[0.188s] Level 1:colcon.colcon_core.package_discovery:discover_packages(ignore) discover
[0.188s] Level 1:colcon.colcon_core.package_discovery:discover_packages(ignore) using defaults
[0.188s] Level 1:colcon.colcon_core.package_discovery:discover_packages(path) discover
[0.188s] Level 1:colcon.colcon_core.package_discovery:discover_packages(path) using defaults
[0.208s] Level 1:colcon.colcon_core.package_discovery:discover_packages(prefix_path) check parameters
[0.208s] Level 1:colcon.colcon_core.package_discovery:discover_packages(prefix_path) discover
[0.208s] WARNING:colcon.colcon_ros.prefix_path.ament:The path '/home/yujun/nav2ws1/install/turtlebot3_pkg1' in the environment variable AMENT_PREFIX_PATH doesn't exist
[0.209s] WARNING:colcon.colcon_ros.prefix_path.ament:The path '/home/yujun/nav2ws1/install/nav_pkg2' in the environment variable AMENT_PREFIX_PATH doesn't exist
[0.209s] WARNING:colcon.colcon_ros.prefix_path.ament:The path '/home/yujun/nav2ws1/install/nav_pkg1' in the environment variable AMENT_PREFIX_PATH doesn't exist
[0.209s] DEBUG:colcon.colcon_installed_package_information.package_discovery:Found 0 installed packages in /home/yujun/nav2ws1/install
[0.210s] DEBUG:colcon.colcon_installed_package_information.package_discovery:Found 467 installed packages in /opt/ros/humble
[0.211s] Level 1:colcon.colcon_core.package_discovery:discover_packages(prefix_path) using defaults
[0.247s] Level 5:colcon.colcon_core.verb:set package 'nav_pkg2' build argument 'cmake_args' from command line to 'None'
[0.247s] Level 5:colcon.colcon_core.verb:set package 'nav_pkg2' build argument 'cmake_target' from command line to 'None'
[0.247s] Level 5:colcon.colcon_core.verb:set package 'nav_pkg2' build argument 'cmake_target_skip_unavailable' from command line to 'False'
[0.247s] Level 5:colcon.colcon_core.verb:set package 'nav_pkg2' build argument 'cmake_clean_cache' from command line to 'False'
[0.247s] Level 5:colcon.colcon_core.verb:set package 'nav_pkg2' build argument 'cmake_clean_first' from command line to 'False'
[0.247s] Level 5:colcon.colcon_core.verb:set package 'nav_pkg2' build argument 'cmake_force_configure' from command line to 'False'
[0.247s] Level 5:colcon.colcon_core.verb:set package 'nav_pkg2' build argument 'ament_cmake_args' from command line to 'None'
[0.247s] Level 5:colcon.colcon_core.verb:set package 'nav_pkg2' build argument 'catkin_cmake_args' from command line to 'None'
[0.247s] Level 5:colcon.colcon_core.verb:set package 'nav_pkg2' build argument 'catkin_skip_building_tests' from command line to 'False'
[0.248s] DEBUG:colcon.colcon_core.verb:Building package 'nav_pkg2' with the following arguments: {'ament_cmake_args': None, 'build_base': '/home/yujun/nav2ws1/build/nav_pkg2', 'catkin_cmake_args': None, 'catkin_skip_building_tests': False, 'cmake_args': None, 'cmake_clean_cache': False, 'cmake_clean_first': False, 'cmake_force_configure': False, 'cmake_target': None, 'cmake_target_skip_unavailable': False, 'install_base': '/home/yujun/nav2ws1/install/nav_pkg2', 'merge_install': False, 'path': '/home/yujun/nav2ws1/src/nav_pkg2', 'symlink_install': True, 'test_result_base': None}
[0.248s] Level 5:colcon.colcon_core.verb:set package 'turtlebot3_pkg1' build argument 'cmake_args' from command line to 'None'
[0.248s] Level 5:colcon.colcon_core.verb:set package 'turtlebot3_pkg1' build argument 'cmake_target' from command line to 'None'
[0.248s] Level 5:colcon.colcon_core.verb:set package 'turtlebot3_pkg1' build argument 'cmake_target_skip_unavailable' from command line to 'False'
[0.248s] Level 5:colcon.colcon_core.verb:set package 'turtlebot3_pkg1' build argument 'cmake_clean_cache' from command line to 'False'
[0.248s] Level 5:colcon.colcon_core.verb:set package 'turtlebot3_pkg1' build argument 'cmake_clean_first' from command line to 'False'
[0.248s] Level 5:colcon.colcon_core.verb:set package 'turtlebot3_pkg1' build argument 'cmake_force_configure' from command line to 'False'
[0.248s] Level 5:colcon.colcon_core.verb:set package 'turtlebot3_pkg1' build argument 'ament_cmake_args' from command line to 'None'
[0.248s] Level 5:colcon.colcon_core.verb:set package 'turtlebot3_pkg1' build argument 'catkin_cmake_args' from command line to 'None'
[0.248s] Level 5:colcon.colcon_core.verb:set package 'turtlebot3_pkg1' build argument 'catkin_skip_building_tests' from command line to 'False'
[0.248s] DEBUG:colcon.colcon_core.verb:Building package 'turtlebot3_pkg1' with the following arguments: {'ament_cmake_args': None, 'build_base': '/home/yujun/nav2ws1/build/turtlebot3_pkg1', 'catkin_cmake_args': None, 'catkin_skip_building_tests': False, 'cmake_args': None, 'cmake_clean_cache': False, 'cmake_clean_first': False, 'cmake_force_configure': False, 'cmake_target': None, 'cmake_target_skip_unavailable': False, 'install_base': '/home/yujun/nav2ws1/install/turtlebot3_pkg1', 'merge_install': False, 'path': '/home/yujun/nav2ws1/src/turtlebot3_pkg1', 'symlink_install': True, 'test_result_base': None}
[0.248s] INFO:colcon.colcon_core.executor:Executing jobs using 'parallel' executor
[0.249s] DEBUG:colcon.colcon_parallel_executor.executor.parallel:run_until_complete
[0.249s] INFO:colcon.colcon_ros.task.ament_python.build:Building ROS package in '/home/yujun/nav2ws1/src/nav_pkg2' with build type 'ament_python'
[0.249s] Level 1:colcon.colcon_core.shell:create_environment_hook('nav_pkg2', 'ament_prefix_path')
[0.250s] INFO:colcon.colcon_core.plugin_system:Skipping extension 'colcon_core.shell.bat': Not used on non-Windows systems
[0.250s] INFO:colcon.colcon_core.shell:Creating environment hook '/home/yujun/nav2ws1/install/nav_pkg2/share/nav_pkg2/hook/ament_prefix_path.ps1'
[0.251s] INFO:colcon.colcon_core.shell:Creating environment descriptor '/home/yujun/nav2ws1/install/nav_pkg2/share/nav_pkg2/hook/ament_prefix_path.dsv'
[0.251s] INFO:colcon.colcon_core.shell:Creating environment hook '/home/yujun/nav2ws1/install/nav_pkg2/share/nav_pkg2/hook/ament_prefix_path.sh'
[0.251s] INFO:colcon.colcon_core.shell:Skip shell extension 'powershell' for command environment: Not usable outside of PowerShell
[0.252s] DEBUG:colcon.colcon_core.shell:Skip shell extension 'dsv' for command environment
[0.254s] INFO:colcon.colcon_ros.task.ament_python.build:Building ROS package in '/home/yujun/nav2ws1/src/turtlebot3_pkg1' with build type 'ament_python'
[0.254s] Level 1:colcon.colcon_core.shell:create_environment_hook('turtlebot3_pkg1', 'ament_prefix_path')
[0.254s] INFO:colcon.colcon_core.shell:Creating environment hook '/home/yujun/nav2ws1/install/turtlebot3_pkg1/share/turtlebot3_pkg1/hook/ament_prefix_path.ps1'
[0.254s] INFO:colcon.colcon_core.shell:Creating environment descriptor '/home/yujun/nav2ws1/install/turtlebot3_pkg1/share/turtlebot3_pkg1/hook/ament_prefix_path.dsv'
[0.255s] INFO:colcon.colcon_core.shell:Creating environment hook '/home/yujun/nav2ws1/install/turtlebot3_pkg1/share/turtlebot3_pkg1/hook/ament_prefix_path.sh'
[0.255s] INFO:colcon.colcon_core.shell:Skip shell extension 'powershell' for command environment: Not usable outside of PowerShell
[0.255s] DEBUG:colcon.colcon_core.shell:Skip shell extension 'dsv' for command environment
[0.426s] INFO:colcon.colcon_core.task.python.build:Building Python package in '/home/yujun/nav2ws1/src/nav_pkg2'
[0.426s] INFO:colcon.colcon_core.shell:Skip shell extension 'powershell' for command environment: Not usable outside of PowerShell
[0.426s] DEBUG:colcon.colcon_core.shell:Skip shell extension 'dsv' for command environment
[0.589s] INFO:colcon.colcon_core.task.python.build:Building Python package in '/home/yujun/nav2ws1/src/turtlebot3_pkg1'
[0.589s] INFO:colcon.colcon_core.shell:Skip shell extension 'powershell' for command environment: Not usable outside of PowerShell
[0.589s] DEBUG:colcon.colcon_core.shell:Skip shell extension 'dsv' for command environment
[0.838s] DEBUG:colcon.colcon_core.task.python.build:Available setuptools commands: register, bdist_rpm, rotate, bdist_dumb, init_catalog, symlink_data, saveopts, build_scripts, install_lib, install_data, alias, compile_catalog, bdist, bdist_wheel, clean, check, install_egg_info, develop, dist_info, egg_info, sdist, bdist_egg, test, install_headers, upload, build, setopt, easy_install, build_py, update_catalog, upload_docs, build_ext, install_scripts, extract_messages, install, build_clib
[0.839s] DEBUG:colcon.colcon_core.task.python.build:Available setuptools commands: register, bdist_rpm, rotate, bdist_dumb, init_catalog, symlink_data, saveopts, build_scripts, install_lib, install_data, alias, compile_catalog, bdist, bdist_wheel, clean, check, install_egg_info, develop, dist_info, egg_info, sdist, bdist_egg, test, install_headers, upload, build, setopt, easy_install, build_py, update_catalog, upload_docs, build_ext, install_scripts, extract_messages, install, build_clib
[1.037s] DEBUG:colcon.colcon_core.task.python.build:Available setuptools 'develop' options: --script-dir, --upgrade, --multi-version, --editable, --allow-hosts, --prefix, --user, --install-dir, --egg-path, --find-links, --record, --local-snapshots-ok, --always-unzip, --dry-run, --build-directory, --optimize, --help, --exclude-scripts, --site-dirs, --install-layout, --zip-ok, --index-url, --uninstall, --no-user-cfg, --no-find-links, --always-copy, --no-deps, --version, --verbose, --force-installation-into-system-dir, --quiet
[1.039s] DEBUG:colcon.colcon_core.event_handler.log_command:Invoking command in '/home/yujun/nav2ws1/build/turtlebot3_pkg1': PYTHONPATH=/home/yujun/nav2ws1/build/turtlebot3_pkg1/prefix_override:/usr/lib/python3/dist-packages/colcon_core/task/python/colcon_distutils_commands:/home/yujun/nav2ws1/install/turtlebot3_pkg1/lib/python3.10/site-packages:${PYTHONPATH} /usr/bin/python3 -W ignore:setup.py install is deprecated -W ignore:easy_install command is deprecated setup.py develop --editable --build-directory /home/yujun/nav2ws1/build/turtlebot3_pkg1/build --no-deps symlink_data
[1.040s] DEBUG:colcon.colcon_core.task.python.build:Available setuptools 'develop' options: --script-dir, --upgrade, --multi-version, --editable, --allow-hosts, --prefix, --user, --install-dir, --egg-path, --find-links, --record, --local-snapshots-ok, --always-unzip, --dry-run, --build-directory, --optimize, --help, --exclude-scripts, --site-dirs, --install-layout, --zip-ok, --index-url, --uninstall, --no-user-cfg, --no-find-links, --always-copy, --no-deps, --version, --verbose, --force-installation-into-system-dir, --quiet
[1.042s] DEBUG:colcon.colcon_core.event_handler.log_command:Invoking command in '/home/yujun/nav2ws1/build/nav_pkg2': PYTHONPATH=/home/yujun/nav2ws1/build/nav_pkg2/prefix_override:/usr/lib/python3/dist-packages/colcon_core/task/python/colcon_distutils_commands:/home/yujun/nav2ws1/install/nav_pkg2/lib/python3.10/site-packages:${PYTHONPATH} /usr/bin/python3 -W ignore:setup.py install is deprecated -W ignore:easy_install command is deprecated setup.py develop --editable --build-directory /home/yujun/nav2ws1/build/nav_pkg2/build --no-deps symlink_data
[1.369s] Level 1:colcon.colcon_core.shell:create_environment_hook('turtlebot3_pkg1', 'pythonpath_develop')
[1.369s] INFO:colcon.colcon_core.shell:Creating environment hook '/home/yujun/nav2ws1/build/turtlebot3_pkg1/share/turtlebot3_pkg1/hook/pythonpath_develop.ps1'
[1.369s] DEBUG:colcon.colcon_core.event_handler.log_command:Invoked command in '/home/yujun/nav2ws1/build/turtlebot3_pkg1' returned '0': PYTHONPATH=/home/yujun/nav2ws1/build/turtlebot3_pkg1/prefix_override:/usr/lib/python3/dist-packages/colcon_core/task/python/colcon_distutils_commands:/home/yujun/nav2ws1/install/turtlebot3_pkg1/lib/python3.10/site-packages:${PYTHONPATH} /usr/bin/python3 -W ignore:setup.py install is deprecated -W ignore:easy_install command is deprecated setup.py develop --editable --build-directory /home/yujun/nav2ws1/build/turtlebot3_pkg1/build --no-deps symlink_data
[1.370s] INFO:colcon.colcon_core.shell:Creating environment descriptor '/home/yujun/nav2ws1/build/turtlebot3_pkg1/share/turtlebot3_pkg1/hook/pythonpath_develop.dsv'
[1.370s] INFO:colcon.colcon_core.shell:Creating environment hook '/home/yujun/nav2ws1/build/turtlebot3_pkg1/share/turtlebot3_pkg1/hook/pythonpath_develop.sh'
[1.372s] Level 1:colcon.colcon_core.environment:checking '/home/yujun/nav2ws1/install/turtlebot3_pkg1' for CMake module files
[1.372s] Level 1:colcon.colcon_core.environment:checking '/home/yujun/nav2ws1/install/turtlebot3_pkg1' for CMake config files
[1.372s] Level 1:colcon.colcon_core.environment:checking '/home/yujun/nav2ws1/install/turtlebot3_pkg1/lib'
[1.373s] Level 1:colcon.colcon_core.environment:checking '/home/yujun/nav2ws1/install/turtlebot3_pkg1/bin'
[1.373s] Level 1:colcon.colcon_core.environment:checking '/home/yujun/nav2ws1/install/turtlebot3_pkg1/lib/pkgconfig/turtlebot3_pkg1.pc'
[1.373s] Level 1:colcon.colcon_core.environment:checking '/home/yujun/nav2ws1/install/turtlebot3_pkg1/lib/python3.10/site-packages'
[1.373s] Level 1:colcon.colcon_core.shell:create_environment_hook('turtlebot3_pkg1', 'pythonpath')
[1.373s] INFO:colcon.colcon_core.shell:Creating environment hook '/home/yujun/nav2ws1/install/turtlebot3_pkg1/share/turtlebot3_pkg1/hook/pythonpath.ps1'
[1.373s] INFO:colcon.colcon_core.shell:Creating environment descriptor '/home/yujun/nav2ws1/install/turtlebot3_pkg1/share/turtlebot3_pkg1/hook/pythonpath.dsv'
[1.373s] INFO:colcon.colcon_core.shell:Creating environment hook '/home/yujun/nav2ws1/install/turtlebot3_pkg1/share/turtlebot3_pkg1/hook/pythonpath.sh'
[1.374s] Level 1:colcon.colcon_core.environment:checking '/home/yujun/nav2ws1/install/turtlebot3_pkg1/bin'
[1.374s] Level 1:colcon.colcon_core.environment:create_environment_scripts_only(turtlebot3_pkg1)
[1.374s] INFO:colcon.colcon_core.shell:Creating package script '/home/yujun/nav2ws1/install/turtlebot3_pkg1/share/turtlebot3_pkg1/package.ps1'
[1.375s] INFO:colcon.colcon_core.shell:Creating package descriptor '/home/yujun/nav2ws1/install/turtlebot3_pkg1/share/turtlebot3_pkg1/package.dsv'
[1.375s] INFO:colcon.colcon_core.shell:Creating package script '/home/yujun/nav2ws1/install/turtlebot3_pkg1/share/turtlebot3_pkg1/package.sh'
[1.376s] INFO:colcon.colcon_core.shell:Creating package script '/home/yujun/nav2ws1/install/turtlebot3_pkg1/share/turtlebot3_pkg1/package.bash'
[1.376s] INFO:colcon.colcon_core.shell:Creating package script '/home/yujun/nav2ws1/install/turtlebot3_pkg1/share/turtlebot3_pkg1/package.zsh'
[1.376s] Level 1:colcon.colcon_core.environment:create_file_with_runtime_dependencies(/home/yujun/nav2ws1/install/turtlebot3_pkg1/share/colcon-core/packages/turtlebot3_pkg1)
[1.377s] Level 1:colcon.colcon_core.shell:create_environment_hook('nav_pkg2', 'pythonpath_develop')
[1.377s] INFO:colcon.colcon_core.shell:Creating environment hook '/home/yujun/nav2ws1/build/nav_pkg2/share/nav_pkg2/hook/pythonpath_develop.ps1'
[1.378s] DEBUG:colcon.colcon_core.event_handler.log_command:Invoked command in '/home/yujun/nav2ws1/build/nav_pkg2' returned '0': PYTHONPATH=/home/yujun/nav2ws1/build/nav_pkg2/prefix_override:/usr/lib/python3/dist-packages/colcon_core/task/python/colcon_distutils_commands:/home/yujun/nav2ws1/install/nav_pkg2/lib/python3.10/site-packages:${PYTHONPATH} /usr/bin/python3 -W ignore:setup.py install is deprecated -W ignore:easy_install command is deprecated setup.py develop --editable --build-directory /home/yujun/nav2ws1/build/nav_pkg2/build --no-deps symlink_data
[1.378s] INFO:colcon.colcon_core.shell:Creating environment descriptor '/home/yujun/nav2ws1/build/nav_pkg2/share/nav_pkg2/hook/pythonpath_develop.dsv'
[1.378s] INFO:colcon.colcon_core.shell:Creating environment hook '/home/yujun/nav2ws1/build/nav_pkg2/share/nav_pkg2/hook/pythonpath_develop.sh'
[1.378s] Level 1:colcon.colcon_core.environment:checking '/home/yujun/nav2ws1/install/nav_pkg2' for CMake module files
[1.379s] Level 1:colcon.colcon_core.environment:checking '/home/yujun/nav2ws1/install/nav_pkg2' for CMake config files
[1.379s] Level 1:colcon.colcon_core.environment:checking '/home/yujun/nav2ws1/install/nav_pkg2/lib'
[1.379s] Level 1:colcon.colcon_core.environment:checking '/home/yujun/nav2ws1/install/nav_pkg2/bin'
[1.379s] Level 1:colcon.colcon_core.environment:checking '/home/yujun/nav2ws1/install/nav_pkg2/lib/pkgconfig/nav_pkg2.pc'
[1.379s] Level 1:colcon.colcon_core.environment:checking '/home/yujun/nav2ws1/install/nav_pkg2/lib/python3.10/site-packages'
[1.379s] Level 1:colcon.colcon_core.shell:create_environment_hook('nav_pkg2', 'pythonpath')
[1.379s] INFO:colcon.colcon_core.shell:Creating environment hook '/home/yujun/nav2ws1/install/nav_pkg2/share/nav_pkg2/hook/pythonpath.ps1'
[1.379s] INFO:colcon.colcon_core.shell:Creating environment descriptor '/home/yujun/nav2ws1/install/nav_pkg2/share/nav_pkg2/hook/pythonpath.dsv'
[1.380s] INFO:colcon.colcon_core.shell:Creating environment hook '/home/yujun/nav2ws1/install/nav_pkg2/share/nav_pkg2/hook/pythonpath.sh'
[1.380s] Level 1:colcon.colcon_core.environment:checking '/home/yujun/nav2ws1/install/nav_pkg2/bin'
[1.380s] Level 1:colcon.colcon_core.environment:create_environment_scripts_only(nav_pkg2)
[1.380s] INFO:colcon.colcon_core.shell:Creating package script '/home/yujun/nav2ws1/install/nav_pkg2/share/nav_pkg2/package.ps1'
[1.381s] INFO:colcon.colcon_core.shell:Creating package descriptor '/home/yujun/nav2ws1/install/nav_pkg2/share/nav_pkg2/package.dsv'
[1.381s] INFO:colcon.colcon_core.shell:Creating package script '/home/yujun/nav2ws1/install/nav_pkg2/share/nav_pkg2/package.sh'
[1.381s] INFO:colcon.colcon_core.shell:Creating package script '/home/yujun/nav2ws1/install/nav_pkg2/share/nav_pkg2/package.bash'
[1.381s] INFO:colcon.colcon_core.shell:Creating package script '/home/yujun/nav2ws1/install/nav_pkg2/share/nav_pkg2/package.zsh'
[1.381s] Level 1:colcon.colcon_core.environment:create_file_with_runtime_dependencies(/home/yujun/nav2ws1/install/nav_pkg2/share/colcon-core/packages/nav_pkg2)
[1.382s] DEBUG:colcon.colcon_parallel_executor.executor.parallel:closing loop
[1.382s] DEBUG:colcon.colcon_parallel_executor.executor.parallel:loop closed
[1.382s] DEBUG:colcon.colcon_parallel_executor.executor.parallel:run_until_complete finished with '0'
[1.382s] DEBUG:colcon.colcon_core.event_reactor:joining thread
[1.385s] INFO:colcon.colcon_core.plugin_system:Skipping extension 'colcon_notification.desktop_notification.terminal_notifier': Not used on non-Darwin systems
[1.385s] INFO:colcon.colcon_core.plugin_system:Skipping extension 'colcon_notification.desktop_notification.win32': Not used on non-Windows systems
[1.385s] INFO:colcon.colcon_notification.desktop_notification:Sending desktop notification using 'notify2'
[1.395s] DEBUG:colcon.colcon_core.event_reactor:joined thread
[1.395s] INFO:colcon.colcon_core.shell:Creating prefix script '/home/yujun/nav2ws1/install/local_setup.ps1'
[1.396s] INFO:colcon.colcon_core.shell:Creating prefix util module '/home/yujun/nav2ws1/install/_local_setup_util_ps1.py'
[1.397s] INFO:colcon.colcon_core.shell:Creating prefix chain script '/home/yujun/nav2ws1/install/setup.ps1'
[1.397s] INFO:colcon.colcon_core.shell:Creating prefix script '/home/yujun/nav2ws1/install/local_setup.sh'
[1.398s] INFO:colcon.colcon_core.shell:Creating prefix util module '/home/yujun/nav2ws1/install/_local_setup_util_sh.py'
[1.398s] INFO:colcon.colcon_core.shell:Creating prefix chain script '/home/yujun/nav2ws1/install/setup.sh'
[1.399s] INFO:colcon.colcon_core.shell:Creating prefix script '/home/yujun/nav2ws1/install/local_setup.bash'
[1.399s] INFO:colcon.colcon_core.shell:Creating prefix chain script '/home/yujun/nav2ws1/install/setup.bash'
[1.399s] INFO:colcon.colcon_core.shell:Creating prefix script '/home/yujun/nav2ws1/install/local_setup.zsh'
[1.400s] INFO:colcon.colcon_core.shell:Creating prefix chain script '/home/yujun/nav2ws1/install/setup.zsh'
