[0.785s] Invoking command in '/home/yujun/nav2ws1/build/turtlebot3_pkg1': PYTHONPATH=/home/yujun/nav2ws1/build/turtlebot3_pkg1/prefix_override:/usr/lib/python3/dist-packages/colcon_core/task/python/colcon_distutils_commands:/home/yujun/nav2ws1/install/turtlebot3_pkg1/lib/python3.10/site-packages:${PYTHONPATH} /usr/bin/python3 -W ignore:setup.py install is deprecated -W ignore:easy_install command is deprecated setup.py develop --editable --build-directory /home/yujun/nav2ws1/build/turtlebot3_pkg1/build --no-deps symlink_data
[0.973s] running develop
[1.089s] running egg_info
[1.089s] creating turtlebot3_pkg1.egg-info
[1.089s] writing turtlebot3_pkg1.egg-info/PKG-INFO
[1.089s] writing dependency_links to turtlebot3_pkg1.egg-info/dependency_links.txt
[1.089s] writing entry points to turtlebot3_pkg1.egg-info/entry_points.txt
[1.089s] writing requirements to turtlebot3_pkg1.egg-info/requires.txt
[1.090s] writing top-level names to turtlebot3_pkg1.egg-info/top_level.txt
[1.090s] writing manifest file 'turtlebot3_pkg1.egg-info/SOURCES.txt'
[1.091s] reading manifest file 'turtlebot3_pkg1.egg-info/SOURCES.txt'
[1.091s] writing manifest file 'turtlebot3_pkg1.egg-info/SOURCES.txt'
[1.092s] running build_ext
[1.092s] Creating /home/yujun/nav2ws1/install/turtlebot3_pkg1/lib/python3.10/site-packages/turtlebot3-pkg1.egg-link (link to .)
[1.093s] 
[1.093s] Installed /home/yujun/nav2ws1/build/turtlebot3_pkg1
[1.093s] running symlink_data
[1.093s] creating /home/yujun/nav2ws1/install/turtlebot3_pkg1/share/ament_index
[1.093s] creating /home/yujun/nav2ws1/install/turtlebot3_pkg1/share/ament_index/resource_index
[1.093s] creating /home/yujun/nav2ws1/install/turtlebot3_pkg1/share/ament_index/resource_index/packages
[1.093s] symbolically linking /home/yujun/nav2ws1/build/turtlebot3_pkg1/resource/turtlebot3_pkg1 -> /home/yujun/nav2ws1/install/turtlebot3_pkg1/share/ament_index/resource_index/packages
[1.093s] symbolically linking /home/yujun/nav2ws1/build/turtlebot3_pkg1/package.xml -> /home/yujun/nav2ws1/install/turtlebot3_pkg1/share/turtlebot3_pkg1
[1.115s] Invoked command in '/home/yujun/nav2ws1/build/turtlebot3_pkg1' returned '0': PYTHONPATH=/home/yujun/nav2ws1/build/turtlebot3_pkg1/prefix_override:/usr/lib/python3/dist-packages/colcon_core/task/python/colcon_distutils_commands:/home/yujun/nav2ws1/install/turtlebot3_pkg1/lib/python3.10/site-packages:${PYTHONPATH} /usr/bin/python3 -W ignore:setup.py install is deprecated -W ignore:easy_install command is deprecated setup.py develop --editable --build-directory /home/yujun/nav2ws1/build/turtlebot3_pkg1/build --no-deps symlink_data
