[0.604s] Invoking command in '/home/yujun/nav2ws1/build/turtlebot3_pkg1': PYTHONPATH=/home/yujun/nav2ws1/build/turtlebot3_pkg1/prefix_override:/usr/lib/python3/dist-packages/colcon_core/task/python/colcon_distutils_commands:/home/yujun/nav2ws1/install/turtlebot3_pkg1/lib/python3.10/site-packages:${PYTHONPATH} /usr/bin/python3 -W ignore:setup.py install is deprecated -W ignore:easy_install command is deprecated setup.py develop --uninstall --editable --build-directory /home/yujun/nav2ws1/build/turtlebot3_pkg1/build
[0.782s] running develop
[0.901s] Removing /home/yujun/nav2ws1/install/turtlebot3_pkg1/lib/python3.10/site-packages/turtlebot3-pkg1.egg-link (link to .)
[0.922s] Invoked command in '/home/yujun/nav2ws1/build/turtlebot3_pkg1' returned '0': PYTHONPATH=/home/yujun/nav2ws1/build/turtlebot3_pkg1/prefix_override:/usr/lib/python3/dist-packages/colcon_core/task/python/colcon_distutils_commands:/home/yujun/nav2ws1/install/turtlebot3_pkg1/lib/python3.10/site-packages:${PYTHONPATH} /usr/bin/python3 -W ignore:setup.py install is deprecated -W ignore:easy_install command is deprecated setup.py develop --uninstall --editable --build-directory /home/yujun/nav2ws1/build/turtlebot3_pkg1/build
[0.923s] Invoking command in '/home/yujun/nav2ws1/src/turtlebot3_pkg1': PYTHONPATH=/home/yujun/nav2ws1/build/turtlebot3_pkg1/prefix_override:/usr/lib/python3/dist-packages/colcon_core/task/python/colcon_distutils_commands:/home/yujun/nav2ws1/install/turtlebot3_pkg1/lib/python3.10/site-packages:${PYTHONPATH} /usr/bin/python3 -W ignore:setup.py install is deprecated -W ignore:easy_install command is deprecated setup.py egg_info --egg-base ../../build/turtlebot3_pkg1 build --build-base /home/yujun/nav2ws1/build/turtlebot3_pkg1/build install --record /home/yujun/nav2ws1/build/turtlebot3_pkg1/install.log --install-scripts $base/lib/turtlebot3_pkg1 --single-version-externally-managed install_data --force
[1.093s] running egg_info
[1.094s] writing ../../build/turtlebot3_pkg1/turtlebot3_pkg1.egg-info/PKG-INFO
[1.094s] writing dependency_links to ../../build/turtlebot3_pkg1/turtlebot3_pkg1.egg-info/dependency_links.txt
[1.094s] writing entry points to ../../build/turtlebot3_pkg1/turtlebot3_pkg1.egg-info/entry_points.txt
[1.094s] writing requirements to ../../build/turtlebot3_pkg1/turtlebot3_pkg1.egg-info/requires.txt
[1.094s] writing top-level names to ../../build/turtlebot3_pkg1/turtlebot3_pkg1.egg-info/top_level.txt
[1.095s] reading manifest file '../../build/turtlebot3_pkg1/turtlebot3_pkg1.egg-info/SOURCES.txt'
[1.096s] writing manifest file '../../build/turtlebot3_pkg1/turtlebot3_pkg1.egg-info/SOURCES.txt'
[1.096s] running build
[1.096s] running build_py
[1.096s] creating /home/yujun/nav2ws1/build/turtlebot3_pkg1/build
[1.096s] creating /home/yujun/nav2ws1/build/turtlebot3_pkg1/build/lib
[1.096s] creating /home/yujun/nav2ws1/build/turtlebot3_pkg1/build/lib/turtlebot3_pkg1
[1.096s] copying turtlebot3_pkg1/__init__.py -> /home/yujun/nav2ws1/build/turtlebot3_pkg1/build/lib/turtlebot3_pkg1
[1.096s] running install
[1.096s] running install_lib
[1.096s] creating /home/yujun/nav2ws1/install/turtlebot3_pkg1/lib/python3.10/site-packages/turtlebot3_pkg1
[1.097s] copying /home/yujun/nav2ws1/build/turtlebot3_pkg1/build/lib/turtlebot3_pkg1/__init__.py -> /home/yujun/nav2ws1/install/turtlebot3_pkg1/lib/python3.10/site-packages/turtlebot3_pkg1
[1.097s] byte-compiling /home/yujun/nav2ws1/install/turtlebot3_pkg1/lib/python3.10/site-packages/turtlebot3_pkg1/__init__.py to __init__.cpython-310.pyc
[1.097s] running install_data
[1.097s] copying resource/turtlebot3_pkg1 -> /home/yujun/nav2ws1/install/turtlebot3_pkg1/share/ament_index/resource_index/packages
[1.097s] copying package.xml -> /home/yujun/nav2ws1/install/turtlebot3_pkg1/share/turtlebot3_pkg1
[1.097s] running install_egg_info
[1.099s] Copying ../../build/turtlebot3_pkg1/turtlebot3_pkg1.egg-info to /home/yujun/nav2ws1/install/turtlebot3_pkg1/lib/python3.10/site-packages/turtlebot3_pkg1-0.0.0-py3.10.egg-info
[1.099s] running install_scripts
[1.113s] writing list of installed files to '/home/yujun/nav2ws1/build/turtlebot3_pkg1/install.log'
[1.133s] Invoked command in '/home/yujun/nav2ws1/src/turtlebot3_pkg1' returned '0': PYTHONPATH=/home/yujun/nav2ws1/build/turtlebot3_pkg1/prefix_override:/usr/lib/python3/dist-packages/colcon_core/task/python/colcon_distutils_commands:/home/yujun/nav2ws1/install/turtlebot3_pkg1/lib/python3.10/site-packages:${PYTHONPATH} /usr/bin/python3 -W ignore:setup.py install is deprecated -W ignore:easy_install command is deprecated setup.py egg_info --egg-base ../../build/turtlebot3_pkg1 build --build-base /home/yujun/nav2ws1/build/turtlebot3_pkg1/build install --record /home/yujun/nav2ws1/build/turtlebot3_pkg1/install.log --install-scripts $base/lib/turtlebot3_pkg1 --single-version-externally-managed install_data --force
